== Part M: daemon monitor window ==
ok    window found: 0x53077A
sent  WM_POWERBROADCAST (resume)
sent  WM_DISPLAYCHANGE
--- daemon.log tail ---
  [2026-09-17 00:55:19] CreateWindowExW failed; monitor disabled
  [2026-09-17 00:58:49] daemon starting
  [2026-09-17 00:58:49] applied settings (startup)
  [2026-09-17 00:58:49] hotkeys active: ['brightness_down', 'brightness_up', 'cycle_color', 'cycle_profile', 'kill', 'toggle'] + Ctrl+Alt+K (kill)
  [2026-09-17 00:58:49] tray running
  [2026-09-17 01:05:02] resume -> re-apply (debounced)
  [2026-09-17 01:05:06] applied settings (resume)
  [2026-09-17 01:05:10] applied settings (displaychange)

== Part T: temperature sources ==
mailbox read-back (DSDT FCMD=0xB8 pattern):
  ID 0xA1 -> 0x3F (63)
  ID 0xA2 -> 0x00 (0)
EC RAM 0x02..0x0C:
  0x02 -> 0x00 (0)
  0x03 -> 0xC5 (197)
  0x04 -> 0x64 (100)
  0x05 -> 0x63 (99)
  0x06 -> 0x64 (100)
  0x07 -> 0x2D (45)
  0x08 -> 0x37 (55)
  0x09 -> 0x00 (0)
  0x0A -> 0x00 (0)
  0x0B -> 0x00 (0)
  0x0C -> 0x00 (0)
colors restored
ACPI thermal zone (Windows):
  ACPI\ThermalZone\TZ0__0: 45.1 C
DONE
